<html>
<body>
<pre>
<h1>µVision Build Log</h1>
<h2>Tool Versions:</h2>
IDE-Version: µVision V5.21.1.0
Copyright (C) 2016 ARM Ltd and ARM Germany GmbH. All rights reserved.
License Information: Faculty of Engineering University of Regina Flex license: MDK-ARM Professional: 100 user(s) (mdk_pro) Operation stops: 4 Sep 2019
 
Tool Versions:
Toolchain:       MDK-ARM Professional: 100 user(s)  Version: 5.21a
Toolchain Path:  C:\Keil_v5\ARM\ARMCC\Bin
C Compiler:      Armcc.exe V5.06 update 3 (build 300)
Assembler:       Armasm.exe V5.06 update 3 (build 300)
Linker/Locator:  ArmLink.exe V5.06 update 3 (build 300)
Library Manager: ArmAr.exe V5.06 update 3 (build 300)
Hex Converter:   FromElf.exe V5.06 update 3 (build 300)
CPU DLL:         SARMCM3.DLL V5.21a
Dialog DLL:      DCM.DLL V1.13.8.0
Target DLL:      STLink\ST-LINKIII-KEIL_SWO.dll V2.0.18.0
Dialog DLL:      TCM.DLL V1.14.14.0
 
<h2>Project:</h2>
H:\ENEL 387\lab5(&lab3)\lab5.uvprojx
Project File Date:  02/12/2019

<h2>Output:</h2>
*** Using Compiler 'V5.06 update 3 (build 300)', folder: 'C:\Keil_v5\ARM\ARMCC\Bin'
Rebuild target 'Target 1'
assembling startup_stm32f10x_md_vl.s...
compiling delay.c...
delay.c(5): warning:  #1-D: last line of file ends without a newline
  }
delay.c: 1 warning, 0 errors
compiling GPIO_STM32F10x.c...
compiling setupclock.c...
setupclock.c(72): warning:  #1-D: last line of file ends without a newline
   }
setupclock.c: 1 warning, 0 errors
compiling LCD.c...
LCD.h(23): warning:  #1-D: last line of file ends without a newline
  void printVal(uint32_t val, uint8_t line);
delay.h(1): warning:  #1-D: last line of file ends without a newline
  void delay(int cycle);
LCD.c(64): warning:  #1-D: last line of file ends without a newline
  }
LCD.c: 3 warnings, 0 errors
compiling ADC.c...
ADC.h(5): warning:  #1-D: last line of file ends without a newline
  uint16_t readADC(uint32_t channel);
ADC.c(12): warning:  #1-D: last line of file ends without a newline
  }
ADC.c: 2 warnings, 0 errors
compiling main.c...
setupclock.h(2): warning:  #1-D: last line of file ends without a newline
  void clockinit(void);
LCD.h(23): warning:  #1-D: last line of file ends without a newline
  void printVal(uint32_t val, uint8_t line);
delay.h(1): warning:  #1-D: last line of file ends without a newline
  void delay(int cycle);
ADC.h(5): warning:  #1-D: last line of file ends without a newline
  uint16_t readADC(uint32_t channel);
main.c(17): warning:  #1-D: last line of file ends without a newline
  }
main.c: 5 warnings, 0 errors
compiling system_stm32f10x.c...
linking...
Program Size: Code=1444 RO-data=304 RW-data=0 ZI-data=1632  
".\Objects\lab5.axf" - 0 Error(s), 12 Warning(s).

<h2>Software Packages used:</h2>

Package Vendor: ARM
                http://www.keil.com/pack/ARM.CMSIS.5.0.0-Beta12.pack
                ARM::CMSIS:CORE:5.0.0
                CMSIS (Cortex Microcontroller Software Interface Standard)
   * Component: CORE Version: 5.0.0

Package Vendor: Keil
                http://www.keil.com/pack/Keil.STM32F1xx_DFP.2.1.0.pack
                Keil::Device:Startup:1.0.0
                STMicroelectronics STM32F1 Series Device Support, Drivers and Examples
   * Component: Startup Version: 1.0.0
   * Component: GPIO Version: 1.2

<h2>Collection of Component include folders:</h2>
  H:\ENEL 387\lab5(&lab3)\RTE
  H:\ENEL 387\lab5(&lab3)\RTE\Device\STM32F100RB
  C:\Keil_v5\ARM\PACK\ARM\CMSIS\5.0.0-Beta12\CMSIS\Include
  C:\Keil_v5\ARM\PACK\Keil\STM32F1xx_DFP\2.1.0\Device\Include
  C:\Keil_v5\ARM\PACK\Keil\STM32F1xx_DFP\2.1.0\RTE_Driver

<h2>Collection of Component Files used:</h2>

   * Component: ARM::CMSIS:CORE:5.0.0

   * Component: Keil::Device:Startup:1.0.0
      Source file:   Device\Source\ARM\STM32F1xx_OPT.s
      Source file:   Device\Source\ARM\startup_stm32f10x_md_vl.s
      Source file:   Device\Source\system_stm32f10x.c
      Include file:  RTE_Driver\Config\RTE_Device.h

   * Component: Keil::Device:GPIO:1.2
      Include file:  RTE_Driver\GPIO_STM32F10x.h
      Source file:   RTE_Driver\GPIO_STM32F10x.c
Build Time Elapsed:  00:00:03
</pre>
</body>
</html>
